// Jest Snapshot v1, https://goo.gl/fbAQLP

exports[`ListItem Should render the ListItem 1`] = `
<Item
  actions={
    Array [
      <IconText
        onClick={undefined}
        text="Mark Completed"
        type="check"
      />,
      <IconText
        onClick={undefined}
        text="Delete"
        type="close-square-o"
      />,
    ]
  }
  extra={
    <Avatar
      icon="exclamation-circle-o"
      prefixCls="ant-avatar"
      shape="circle"
      size="default"
    />
  }
>
  <Meta
    description={
      <div>
        Created On: Invalid Date at Invalid Date
      </div>
    }
  />
</Item>
`;
