// Jest Snapshot v1, https://goo.gl/fbAQLP

exports[`Loading Should render the Loading 1`] = `
<Spin
  className="spinner"
  delay={500}
  indicator={
    <Icon
      spin={true}
      style={
        Object {
          "fontSize": 24,
        }
      }
      type="loading"
    />
  }
  prefixCls="ant-spin"
  size="large"
  spinning={true}
  tip="Loading..."
  wrapperClassName="loadingContent"
>
  <div />
</Spin>
`;
