// Jest Snapshot v1, https://goo.gl/fbAQLP

exports[`SideBar Should render the SideBar 1`] = `
<Sider
  collapsedWidth={80}
  collapsible={true}
  defaultCollapsed={false}
  onMouseEnter={[Function]}
  onMouseLeave={[Function]}
  prefixCls="ant-layout-sider"
  reverseArrow={false}
  style={
    Object {
      "backgroundColor": "#fff",
    }
  }
  trigger={null}
  width={200}
>
  <div
    className="logo"
  />
  <Menu
    className=""
    mode="inline"
    onClick={[Function]}
    openKeys={
      Array [
        "sub1",
      ]
    }
    prefixCls="ant-menu"
    selectedKeys={
      Array [
        "subitem1",
      ]
    }
    style={
      Object {
        "height": "100%",
      }
    }
    theme="dark"
  >
    <SubMenu
      key="sub1"
      onTitleClick={[Function]}
      title={
        <span>
          <Icon
            type="home"
          />
          <span>
            Home
          </span>
        </span>
      }
    >
      <MenuItem
        key="subitem1"
        path="/"
      >
        <Icon
          type="home"
        />
        <span>
          Home Page
        </span>
      </MenuItem>
    </SubMenu>
    <MenuItem
      key="item1"
      path="/welcome"
    >
      <Icon
        type="smile-o"
      />
      <span>
        Welcome
      </span>
    </MenuItem>
    <MenuItem
      key="item2"
      path="/bye"
    >
      <Icon
        type="frown-o"
      />
      <span>
        Bye
      </span>
    </MenuItem>
    <MenuItem
      key="item3"
      path="/todo"
    >
      <Icon
        type="file-text"
      />
      <span>
        Todo
      </span>
    </MenuItem>
  </Menu>
</Sider>
`;
